This is pdfTeX, Version 3.141592653-2.6-1.40.27 (TeX Live 2025) (preloaded format=pdflatex 2025.4.29)  30 APR 2025 12:48
entering extended mode
 restricted \write18 enabled.
 %&-line parsing enabled.
**Report.tex
(./Report.tex
LaTeX2e <2024-11-01> patch level 2
L3 programming layer <2025-04-14>
(/home/antonio-paez/.TinyTeX/texmf-dist/tex/latex/base/article.cls
Document Class: article 2024/06/29 v1.4n Standard LaTeX document class
(/home/antonio-paez/.TinyTeX/texmf-dist/tex/latex/base/size10.clo
File: size10.clo 2024/06/29 v1.4n Standard LaTeX file (size option)
)
\c@part=\count272
\c@section=\count273
\c@subsection=\count274
\c@subsubsection=\count275
\c@paragraph=\count276
\c@subparagraph=\count277
\c@figure=\count278
\c@table=\count279
\abovecaptionskip=\skip49
\belowcaptionskip=\skip50
\bibindent=\dimen146
) (/home/antonio-paez/.TinyTeX/texmf-dist/tex/latex/geometry/geometry.sty
Package: geometry 2020/01/02 v5.9 Page Geometry
(/home/antonio-paez/.TinyTeX/texmf-dist/tex/latex/graphics/keyval.sty
Package: keyval 2022/05/29 v1.15 key=value parser (DPC)
\KV@toks@=\toks17
) (/home/antonio-paez/.TinyTeX/texmf-dist/tex/generic/iftex/ifvtex.sty
Package: ifvtex 2019/10/25 v1.7 ifvtex legacy package. Use iftex instead.
(/home/antonio-paez/.TinyTeX/texmf-dist/tex/generic/iftex/iftex.sty
Package: iftex 2024/12/12 v1.0g TeX engine tests
))
\Gm@cnth=\count280
\Gm@cntv=\count281
\c@Gm@tempcnt=\count282
\Gm@bindingoffset=\dimen147
\Gm@wd@mp=\dimen148
\Gm@odd@mp=\dimen149
\Gm@even@mp=\dimen150
\Gm@layoutwidth=\dimen151
\Gm@layoutheight=\dimen152
\Gm@layouthoffset=\dimen153
\Gm@layoutvoffset=\dimen154
\Gm@dimlist=\toks18
) (/home/antonio-paez/.TinyTeX/texmf-dist/tex/latex/lm/lmodern.sty
Package: lmodern 2015/05/01 v1.6.1 Latin Modern Fonts
LaTeX Font Info:    Overwriting symbol font `operators' in version `normal'
(Font)                  OT1/cmr/m/n --> OT1/lmr/m/n on input line 22.
LaTeX Font Info:    Overwriting symbol font `letters' in version `normal'
(Font)                  OML/cmm/m/it --> OML/lmm/m/it on input line 23.
LaTeX Font Info:    Overwriting symbol font `symbols' in version `normal'
(Font)                  OMS/cmsy/m/n --> OMS/lmsy/m/n on input line 24.
LaTeX Font Info:    Overwriting symbol font `largesymbols' in version `normal'
(Font)                  OMX/cmex/m/n --> OMX/lmex/m/n on input line 25.
LaTeX Font Info:    Overwriting symbol font `operators' in version `bold'
(Font)                  OT1/cmr/bx/n --> OT1/lmr/bx/n on input line 26.
LaTeX Font Info:    Overwriting symbol font `letters' in version `bold'
(Font)                  OML/cmm/b/it --> OML/lmm/b/it on input line 27.
LaTeX Font Info:    Overwriting symbol font `symbols' in version `bold'
(Font)                  OMS/cmsy/b/n --> OMS/lmsy/b/n on input line 28.
LaTeX Font Info:    Overwriting symbol font `largesymbols' in version `bold'
(Font)                  OMX/cmex/m/n --> OMX/lmex/m/n on input line 29.
LaTeX Font Info:    Overwriting math alphabet `\mathbf' in version `normal'
(Font)                  OT1/cmr/bx/n --> OT1/lmr/bx/n on input line 31.
LaTeX Font Info:    Overwriting math alphabet `\mathsf' in version `normal'
(Font)                  OT1/cmss/m/n --> OT1/lmss/m/n on input line 32.
LaTeX Font Info:    Overwriting math alphabet `\mathit' in version `normal'
(Font)                  OT1/cmr/m/it --> OT1/lmr/m/it on input line 33.
LaTeX Font Info:    Overwriting math alphabet `\mathtt' in version `normal'
(Font)                  OT1/cmtt/m/n --> OT1/lmtt/m/n on input line 34.
LaTeX Font Info:    Overwriting math alphabet `\mathbf' in version `bold'
(Font)                  OT1/cmr/bx/n --> OT1/lmr/bx/n on input line 35.
LaTeX Font Info:    Overwriting math alphabet `\mathsf' in version `bold'
(Font)                  OT1/cmss/bx/n --> OT1/lmss/bx/n on input line 36.
LaTeX Font Info:    Overwriting math alphabet `\mathit' in version `bold'
(Font)                  OT1/cmr/bx/it --> OT1/lmr/bx/it on input line 37.
LaTeX Font Info:    Overwriting math alphabet `\mathtt' in version `bold'
(Font)                  OT1/cmtt/m/n --> OT1/lmtt/m/n on input line 38.
) (/home/antonio-paez/.TinyTeX/texmf-dist/tex/latex/base/fontenc.sty
Package: fontenc 2021/04/29 v2.0v Standard LaTeX package
LaTeX Font Info:    Trying to load font information for T1+lmr on input line 116.
(/home/antonio-paez/.TinyTeX/texmf-dist/tex/latex/lm/t1lmr.fd
File: t1lmr.fd 2015/05/01 v1.6.1 Font defs for Latin Modern
)) (/home/antonio-paez/.TinyTeX/texmf-dist/tex/latex/base/inputenc.sty
Package: inputenc 2024/02/08 v1.3d Input encoding file
\inpenc@prehook=\toks19
\inpenc@posthook=\toks20
) (/home/antonio-paez/.TinyTeX/texmf-dist/tex/latex/abstract/abstract.sty
Package: abstract 2009/06/08 v1.2a configurable abstracts
\abstitleskip=\skip51
\absleftindent=\skip52
\absrightindent=\skip53
\absparindent=\skip54
\absparsep=\skip55
) (/home/antonio-paez/.TinyTeX/texmf-dist/tex/latex/xcolor/xcolor.sty
Package: xcolor 2024/09/29 v3.02 LaTeX color extensions (UK)
(/home/antonio-paez/.TinyTeX/texmf-dist/tex/latex/graphics-cfg/color.cfg
File: color.cfg 2016/01/02 v1.6 sample color configuration
)

Package xcolor Warning: Package option `usenames' is obsolete and ignored on input line 265.

Package xcolor Info: Driver file: pdftex.def on input line 274.
(/home/antonio-paez/.TinyTeX/texmf-dist/tex/latex/graphics-def/pdftex.def
File: pdftex.def 2024/04/13 v1.2c Graphics/color driver for pdftex
) (/home/antonio-paez/.TinyTeX/texmf-dist/tex/latex/graphics/mathcolor.ltx)
Package xcolor Info: Model `cmy' substituted by `cmy0' on input line 1349.
Package xcolor Info: Model `hsb' substituted by `rgb' on input line 1353.
Package xcolor Info: Model `RGB' extended on input line 1365.
Package xcolor Info: Model `HTML' substituted by `rgb' on input line 1367.
Package xcolor Info: Model `Hsb' substituted by `hsb' on input line 1368.
Package xcolor Info: Model `tHsb' substituted by `hsb' on input line 1369.
Package xcolor Info: Model `HSB' substituted by `hsb' on input line 1370.
Package xcolor Info: Model `Gray' substituted by `gray' on input line 1371.
Package xcolor Info: Model `wave' substituted by `hsb' on input line 1372.
) (/home/antonio-paez/.TinyTeX/texmf-dist/tex/latex/graphics/dvipsnam.def
File: dvipsnam.def 2016/06/17 v3.0m Driver-dependent file (DPC,SPQR)
) (/home/antonio-paez/.TinyTeX/texmf-dist/tex/latex/tcolorbox/tcolorbox.sty
Package: tcolorbox 2024/10/22 version 6.4.1 text color boxes
(/home/antonio-paez/.TinyTeX/texmf-dist/tex/latex/pgf/frontendlayer/tikz.sty (/home/antonio-paez/.TinyTeX/texmf-dist/tex/latex/pgf/basiclayer/pgf.sty (/home/antonio-paez/.TinyTeX/texmf-dist/tex/latex/pgf/utilities/pgfrcs.sty (/home/antonio-paez/.TinyTeX/texmf-dist/tex/generic/pgf/utilities/pgfutil-common.tex
\pgfutil@everybye=\toks21
\pgfutil@tempdima=\dimen155
\pgfutil@tempdimb=\dimen156
) (/home/antonio-paez/.TinyTeX/texmf-dist/tex/generic/pgf/utilities/pgfutil-latex.def
\pgfutil@abb=\box53
) (/home/antonio-paez/.TinyTeX/texmf-dist/tex/generic/pgf/utilities/pgfrcs.code.tex (/home/antonio-paez/.TinyTeX/texmf-dist/tex/generic/pgf/pgf.revision.tex)
Package: pgfrcs 2023-01-15 v3.1.10 (3.1.10)
))
Package: pgf 2023-01-15 v3.1.10 (3.1.10)
(/home/antonio-paez/.TinyTeX/texmf-dist/tex/latex/pgf/basiclayer/pgfcore.sty (/home/antonio-paez/.TinyTeX/texmf-dist/tex/latex/graphics/graphicx.sty
Package: graphicx 2021/09/16 v1.2d Enhanced LaTeX Graphics (DPC,SPQR)
(/home/antonio-paez/.TinyTeX/texmf-dist/tex/latex/graphics/graphics.sty
Package: graphics 2024/08/06 v1.4g Standard LaTeX Graphics (DPC,SPQR)
(/home/antonio-paez/.TinyTeX/texmf-dist/tex/latex/graphics/trig.sty
Package: trig 2023/12/02 v1.11 sin cos tan (DPC)
) (/home/antonio-paez/.TinyTeX/texmf-dist/tex/latex/graphics-cfg/graphics.cfg
File: graphics.cfg 2016/06/04 v1.11 sample graphics configuration
)
Package graphics Info: Driver file: pdftex.def on input line 106.
)
\Gin@req@height=\dimen157
\Gin@req@width=\dimen158
) (/home/antonio-paez/.TinyTeX/texmf-dist/tex/latex/pgf/systemlayer/pgfsys.sty (/home/antonio-paez/.TinyTeX/texmf-dist/tex/generic/pgf/systemlayer/pgfsys.code.tex
Package: pgfsys 2023-01-15 v3.1.10 (3.1.10)
(/home/antonio-paez/.TinyTeX/texmf-dist/tex/generic/pgf/utilities/pgfkeys.code.tex
\pgfkeys@pathtoks=\toks22
\pgfkeys@temptoks=\toks23
(/home/antonio-paez/.TinyTeX/texmf-dist/tex/generic/pgf/utilities/pgfkeyslibraryfiltered.code.tex
\pgfkeys@tmptoks=\toks24
))
\pgf@x=\dimen159
\pgf@y=\dimen160
\pgf@xa=\dimen161
\pgf@ya=\dimen162
\pgf@xb=\dimen163
\pgf@yb=\dimen164
\pgf@xc=\dimen165
\pgf@yc=\dimen166
\pgf@xd=\dimen167
\pgf@yd=\dimen168
\w@pgf@writea=\write3
\r@pgf@reada=\read2
\c@pgf@counta=\count283
\c@pgf@countb=\count284
\c@pgf@countc=\count285
\c@pgf@countd=\count286
\t@pgf@toka=\toks25
\t@pgf@tokb=\toks26
\t@pgf@tokc=\toks27
\pgf@sys@id@count=\count287
(/home/antonio-paez/.TinyTeX/texmf-dist/tex/generic/pgf/systemlayer/pgf.cfg
File: pgf.cfg 2023-01-15 v3.1.10 (3.1.10)
)
Driver file for pgf: pgfsys-pdftex.def
(/home/antonio-paez/.TinyTeX/texmf-dist/tex/generic/pgf/systemlayer/pgfsys-pdftex.def
File: pgfsys-pdftex.def 2023-01-15 v3.1.10 (3.1.10)
(/home/antonio-paez/.TinyTeX/texmf-dist/tex/generic/pgf/systemlayer/pgfsys-common-pdf.def
File: pgfsys-common-pdf.def 2023-01-15 v3.1.10 (3.1.10)
))) (/home/antonio-paez/.TinyTeX/texmf-dist/tex/generic/pgf/systemlayer/pgfsyssoftpath.code.tex
File: pgfsyssoftpath.code.tex 2023-01-15 v3.1.10 (3.1.10)
\pgfsyssoftpath@smallbuffer@items=\count288
\pgfsyssoftpath@bigbuffer@items=\count289
) (/home/antonio-paez/.TinyTeX/texmf-dist/tex/generic/pgf/systemlayer/pgfsysprotocol.code.tex
File: pgfsysprotocol.code.tex 2023-01-15 v3.1.10 (3.1.10)
)) (/home/antonio-paez/.TinyTeX/texmf-dist/tex/generic/pgf/basiclayer/pgfcore.code.tex
Package: pgfcore 2023-01-15 v3.1.10 (3.1.10)
(/home/antonio-paez/.TinyTeX/texmf-dist/tex/generic/pgf/math/pgfmath.code.tex (/home/antonio-paez/.TinyTeX/texmf-dist/tex/generic/pgf/math/pgfmathutil.code.tex) (/home/antonio-paez/.TinyTeX/texmf-dist/tex/generic/pgf/math/pgfmathparser.code.tex
\pgfmath@dimen=\dimen169
\pgfmath@count=\count290
\pgfmath@box=\box54
\pgfmath@toks=\toks28
\pgfmath@stack@operand=\toks29
\pgfmath@stack@operation=\toks30
) (/home/antonio-paez/.TinyTeX/texmf-dist/tex/generic/pgf/math/pgfmathfunctions.code.tex) (/home/antonio-paez/.TinyTeX/texmf-dist/tex/generic/pgf/math/pgfmathfunctions.basic.code.tex) (/home/antonio-paez/.TinyTeX/texmf-dist/tex/generic/pgf/math/pgfmathfunctions.trigonometric.code.tex) (/home/antonio-paez/.TinyTeX/texmf-dist/tex/generic/pgf/math/pgfmathfunctions.random.code.tex) (/home/antonio-paez/.TinyTeX/texmf-dist/tex/generic/pgf/math/pgfmathfunctions.comparison.code.tex) (/home/antonio-paez/.TinyTeX/texmf-dist/tex/generic/pgf/math/pgfmathfunctions.base.code.tex) (/home/antonio-paez/.TinyTeX/texmf-dist/tex/generic/pgf/math/pgfmathfunctions.round.code.tex) (/home/antonio-paez/.TinyTeX/texmf-dist/tex/generic/pgf/math/pgfmathfunctions.misc.code.tex) (/home/antonio-paez/.TinyTeX/texmf-dist/tex/generic/pgf/math/pgfmathfunctions.integerarithmetics.code.tex) (/home/antonio-paez/.TinyTeX/texmf-dist/tex/generic/pgf/math/pgfmathcalc.code.tex) (/home/antonio-paez/.TinyTeX/texmf-dist/tex/generic/pgf/math/pgfmathfloat.code.tex
\c@pgfmathroundto@lastzeros=\count291
)) (/home/antonio-paez/.TinyTeX/texmf-dist/tex/generic/pgf/math/pgfint.code.tex) (/home/antonio-paez/.TinyTeX/texmf-dist/tex/generic/pgf/basiclayer/pgfcorepoints.code.tex
File: pgfcorepoints.code.tex 2023-01-15 v3.1.10 (3.1.10)
\pgf@picminx=\dimen170
\pgf@picmaxx=\dimen171
\pgf@picminy=\dimen172
\pgf@picmaxy=\dimen173
\pgf@pathminx=\dimen174
\pgf@pathmaxx=\dimen175
\pgf@pathminy=\dimen176
\pgf@pathmaxy=\dimen177
\pgf@xx=\dimen178
\pgf@xy=\dimen179
\pgf@yx=\dimen180
\pgf@yy=\dimen181
\pgf@zx=\dimen182
\pgf@zy=\dimen183
) (/home/antonio-paez/.TinyTeX/texmf-dist/tex/generic/pgf/basiclayer/pgfcorepathconstruct.code.tex
File: pgfcorepathconstruct.code.tex 2023-01-15 v3.1.10 (3.1.10)
\pgf@path@lastx=\dimen184
\pgf@path@lasty=\dimen185
) (/home/antonio-paez/.TinyTeX/texmf-dist/tex/generic/pgf/basiclayer/pgfcorepathusage.code.tex
File: pgfcorepathusage.code.tex 2023-01-15 v3.1.10 (3.1.10)
\pgf@shorten@end@additional=\dimen186
\pgf@shorten@start@additional=\dimen187
) (/home/antonio-paez/.TinyTeX/texmf-dist/tex/generic/pgf/basiclayer/pgfcorescopes.code.tex
File: pgfcorescopes.code.tex 2023-01-15 v3.1.10 (3.1.10)
\pgfpic=\box55
\pgf@hbox=\box56
\pgf@layerbox@main=\box57
\pgf@picture@serial@count=\count292
) (/home/antonio-paez/.TinyTeX/texmf-dist/tex/generic/pgf/basiclayer/pgfcoregraphicstate.code.tex
File: pgfcoregraphicstate.code.tex 2023-01-15 v3.1.10 (3.1.10)
\pgflinewidth=\dimen188
) (/home/antonio-paez/.TinyTeX/texmf-dist/tex/generic/pgf/basiclayer/pgfcoretransformations.code.tex
File: pgfcoretransformations.code.tex 2023-01-15 v3.1.10 (3.1.10)
\pgf@pt@x=\dimen189
\pgf@pt@y=\dimen190
\pgf@pt@temp=\dimen191
) (/home/antonio-paez/.TinyTeX/texmf-dist/tex/generic/pgf/basiclayer/pgfcorequick.code.tex
File: pgfcorequick.code.tex 2023-01-15 v3.1.10 (3.1.10)
) (/home/antonio-paez/.TinyTeX/texmf-dist/tex/generic/pgf/basiclayer/pgfcoreobjects.code.tex
File: pgfcoreobjects.code.tex 2023-01-15 v3.1.10 (3.1.10)
) (/home/antonio-paez/.TinyTeX/texmf-dist/tex/generic/pgf/basiclayer/pgfcorepathprocessing.code.tex
File: pgfcorepathprocessing.code.tex 2023-01-15 v3.1.10 (3.1.10)
) (/home/antonio-paez/.TinyTeX/texmf-dist/tex/generic/pgf/basiclayer/pgfcorearrows.code.tex
File: pgfcorearrows.code.tex 2023-01-15 v3.1.10 (3.1.10)
\pgfarrowsep=\dimen192
) (/home/antonio-paez/.TinyTeX/texmf-dist/tex/generic/pgf/basiclayer/pgfcoreshade.code.tex
File: pgfcoreshade.code.tex 2023-01-15 v3.1.10 (3.1.10)
\pgf@max=\dimen193
\pgf@sys@shading@range@num=\count293
\pgf@shadingcount=\count294
) (/home/antonio-paez/.TinyTeX/texmf-dist/tex/generic/pgf/basiclayer/pgfcoreimage.code.tex
File: pgfcoreimage.code.tex 2023-01-15 v3.1.10 (3.1.10)
) (/home/antonio-paez/.TinyTeX/texmf-dist/tex/generic/pgf/basiclayer/pgfcoreexternal.code.tex
File: pgfcoreexternal.code.tex 2023-01-15 v3.1.10 (3.1.10)
\pgfexternal@startupbox=\box58
) (/home/antonio-paez/.TinyTeX/texmf-dist/tex/generic/pgf/basiclayer/pgfcorelayers.code.tex
File: pgfcorelayers.code.tex 2023-01-15 v3.1.10 (3.1.10)
) (/home/antonio-paez/.TinyTeX/texmf-dist/tex/generic/pgf/basiclayer/pgfcoretransparency.code.tex
File: pgfcoretransparency.code.tex 2023-01-15 v3.1.10 (3.1.10)
) (/home/antonio-paez/.TinyTeX/texmf-dist/tex/generic/pgf/basiclayer/pgfcorepatterns.code.tex
File: pgfcorepatterns.code.tex 2023-01-15 v3.1.10 (3.1.10)
) (/home/antonio-paez/.TinyTeX/texmf-dist/tex/generic/pgf/basiclayer/pgfcorerdf.code.tex
File: pgfcorerdf.code.tex 2023-01-15 v3.1.10 (3.1.10)
))) (/home/antonio-paez/.TinyTeX/texmf-dist/tex/generic/pgf/modules/pgfmoduleshapes.code.tex
File: pgfmoduleshapes.code.tex 2023-01-15 v3.1.10 (3.1.10)
\pgfnodeparttextbox=\box59
) (/home/antonio-paez/.TinyTeX/texmf-dist/tex/generic/pgf/modules/pgfmoduleplot.code.tex
File: pgfmoduleplot.code.tex 2023-01-15 v3.1.10 (3.1.10)
) (/home/antonio-paez/.TinyTeX/texmf-dist/tex/latex/pgf/compatibility/pgfcomp-version-0-65.sty
Package: pgfcomp-version-0-65 2023-01-15 v3.1.10 (3.1.10)
\pgf@nodesepstart=\dimen194
\pgf@nodesepend=\dimen195
) (/home/antonio-paez/.TinyTeX/texmf-dist/tex/latex/pgf/compatibility/pgfcomp-version-1-18.sty
Package: pgfcomp-version-1-18 2023-01-15 v3.1.10 (3.1.10)
)) (/home/antonio-paez/.TinyTeX/texmf-dist/tex/latex/pgf/utilities/pgffor.sty (/home/antonio-paez/.TinyTeX/texmf-dist/tex/latex/pgf/utilities/pgfkeys.sty (/home/antonio-paez/.TinyTeX/texmf-dist/tex/generic/pgf/utilities/pgfkeys.code.tex)) (/home/antonio-paez/.TinyTeX/texmf-dist/tex/latex/pgf/math/pgfmath.sty (/home/antonio-paez/.TinyTeX/texmf-dist/tex/generic/pgf/math/pgfmath.code.tex)) (/home/antonio-paez/.TinyTeX/texmf-dist/tex/generic/pgf/utilities/pgffor.code.tex
Package: pgffor 2023-01-15 v3.1.10 (3.1.10)
\pgffor@iter=\dimen196
\pgffor@skip=\dimen197
\pgffor@stack=\toks31
\pgffor@toks=\toks32
)) (/home/antonio-paez/.TinyTeX/texmf-dist/tex/generic/pgf/frontendlayer/tikz/tikz.code.tex
Package: tikz 2023-01-15 v3.1.10 (3.1.10)
(/home/antonio-paez/.TinyTeX/texmf-dist/tex/generic/pgf/libraries/pgflibraryplothandlers.code.tex
File: pgflibraryplothandlers.code.tex 2023-01-15 v3.1.10 (3.1.10)
\pgf@plot@mark@count=\count295
\pgfplotmarksize=\dimen198
)
\tikz@lastx=\dimen199
\tikz@lasty=\dimen256
\tikz@lastxsaved=\dimen257
\tikz@lastysaved=\dimen258
\tikz@lastmovetox=\dimen259
\tikz@lastmovetoy=\dimen260
\tikzleveldistance=\dimen261
\tikzsiblingdistance=\dimen262
\tikz@figbox=\box60
\tikz@figbox@bg=\box61
\tikz@tempbox=\box62
\tikz@tempbox@bg=\box63
\tikztreelevel=\count296
\tikznumberofchildren=\count297
\tikznumberofcurrentchild=\count298
\tikz@fig@count=\count299
(/home/antonio-paez/.TinyTeX/texmf-dist/tex/generic/pgf/modules/pgfmodulematrix.code.tex
File: pgfmodulematrix.code.tex 2023-01-15 v3.1.10 (3.1.10)
\pgfmatrixcurrentrow=\count300
\pgfmatrixcurrentcolumn=\count301
\pgf@matrix@numberofcolumns=\count302
)
\tikz@expandcount=\count303
(/home/antonio-paez/.TinyTeX/texmf-dist/tex/generic/pgf/frontendlayer/tikz/libraries/tikzlibrarytopaths.code.tex
File: tikzlibrarytopaths.code.tex 2023-01-15 v3.1.10 (3.1.10)
))) (/home/antonio-paez/.TinyTeX/texmf-dist/tex/latex/tools/verbatim.sty
Package: verbatim 2024-01-22 v1.5x LaTeX2e package for verbatim enhancements
\every@verbatim=\toks33
\verbatim@line=\toks34
\verbatim@in@stream=\read3
) (/home/antonio-paez/.TinyTeX/texmf-dist/tex/latex/environ/environ.sty
Package: environ 2014/05/04 v0.3 A new way to define environments
(/home/antonio-paez/.TinyTeX/texmf-dist/tex/latex/trimspaces/trimspaces.sty
Package: trimspaces 2009/09/17 v1.1 Trim spaces around a token list
)
\@envbody=\toks35
) (/home/antonio-paez/.TinyTeX/texmf-dist/tex/latex/etoolbox/etoolbox.sty
Package: etoolbox 2025/02/11 v2.5l e-TeX tools for LaTeX (JAW)
\etb@tempcnta=\count304
)
\tcb@titlebox=\box64
\tcb@upperbox=\box65
\tcb@lowerbox=\box66
\tcb@phantombox=\box67
\c@tcbbreakpart=\count305
\c@tcblayer=\count306
\c@tcolorbox@number=\count307
\l__tcobox_tmpa_box=\box68
\l__tcobox_tmpa_dim=\dimen263
\tcb@temp=\box69
\tcb@temp=\box70
\tcb@temp=\box71
\tcb@temp=\box72
) (/home/antonio-paez/.TinyTeX/texmf-dist/tex/latex/grffile/grffile.sty
Package: grffile 2019/11/11 v2.1 Extended file name support for graphics (legacy)
Package grffile Info: This package is an empty stub for compatibility on input line 40.
) (/home/antonio-paez/.TinyTeX/texmf-dist/tex/latex/titlesec/titlesec.sty
Package: titlesec 2025/01/04 v2.17 Sectioning titles
\ttl@box=\box73
\beforetitleunit=\skip56
\aftertitleunit=\skip57
\ttl@plus=\dimen264
\ttl@minus=\dimen265
\ttl@toksa=\toks36
\titlewidth=\dimen266
\titlewidthlast=\dimen267
\titlewidthfirst=\dimen268
)
\c@hypothesis=\count308
(/home/antonio-paez/.TinyTeX/texmf-dist/tex/latex/setspace/setspace.sty
Package: setspace 2022/12/04 v6.7b set line spacing
) (/home/antonio-paez/.TinyTeX/texmf-dist/tex/latex/hyperref/hyperref.sty
Package: hyperref 2024-11-05 v7.01l Hypertext links for LaTeX
(/home/antonio-paez/.TinyTeX/texmf-dist/tex/latex/kvsetkeys/kvsetkeys.sty
Package: kvsetkeys 2022-10-05 v1.19 Key value parser (HO)
) (/home/antonio-paez/.TinyTeX/texmf-dist/tex/generic/kvdefinekeys/kvdefinekeys.sty
Package: kvdefinekeys 2019-12-19 v1.6 Define keys (HO)
) (/home/antonio-paez/.TinyTeX/texmf-dist/tex/generic/pdfescape/pdfescape.sty
Package: pdfescape 2019/12/09 v1.15 Implements pdfTeX's escape features (HO)
(/home/antonio-paez/.TinyTeX/texmf-dist/tex/generic/ltxcmds/ltxcmds.sty
Package: ltxcmds 2023-12-04 v1.26 LaTeX kernel commands for general use (HO)
) (/home/antonio-paez/.TinyTeX/texmf-dist/tex/generic/pdftexcmds/pdftexcmds.sty
Package: pdftexcmds 2020-06-27 v0.33 Utility functions of pdfTeX for LuaTeX (HO)
(/home/antonio-paez/.TinyTeX/texmf-dist/tex/generic/infwarerr/infwarerr.sty
Package: infwarerr 2019/12/03 v1.5 Providing info/warning/error messages (HO)
)
Package pdftexcmds Info: \pdf@primitive is available.
Package pdftexcmds Info: \pdf@ifprimitive is available.
Package pdftexcmds Info: \pdfdraftmode found.
)) (/home/antonio-paez/.TinyTeX/texmf-dist/tex/latex/hycolor/hycolor.sty
Package: hycolor 2020-01-27 v1.10 Color options for hyperref/bookmark (HO)
) (/home/antonio-paez/.TinyTeX/texmf-dist/tex/latex/hyperref/nameref.sty
Package: nameref 2023-11-26 v2.56 Cross-referencing by name of section
(/home/antonio-paez/.TinyTeX/texmf-dist/tex/latex/refcount/refcount.sty
Package: refcount 2019/12/15 v3.6 Data extraction from label references (HO)
) (/home/antonio-paez/.TinyTeX/texmf-dist/tex/generic/gettitlestring/gettitlestring.sty
Package: gettitlestring 2019/12/15 v1.6 Cleanup title references (HO)
(/home/antonio-paez/.TinyTeX/texmf-dist/tex/latex/kvoptions/kvoptions.sty
Package: kvoptions 2022-06-15 v3.15 Key value format for package options (HO)
))
\c@section@level=\count309
) (/home/antonio-paez/.TinyTeX/texmf-dist/tex/generic/stringenc/stringenc.sty
Package: stringenc 2019/11/29 v1.12 Convert strings between diff. encodings (HO)
)
\@linkdim=\dimen269
\Hy@linkcounter=\count310
\Hy@pagecounter=\count311
(/home/antonio-paez/.TinyTeX/texmf-dist/tex/latex/hyperref/pd1enc.def
File: pd1enc.def 2024-11-05 v7.01l Hyperref: PDFDocEncoding definition (HO)
Now handling font encoding PD1 ...
... no UTF-8 mapping file for font encoding PD1
) (/home/antonio-paez/.TinyTeX/texmf-dist/tex/generic/intcalc/intcalc.sty
Package: intcalc 2019/12/15 v1.3 Expandable calculations with integers (HO)
)
\Hy@SavedSpaceFactor=\count312
(/home/antonio-paez/.TinyTeX/texmf-dist/tex/latex/hyperref/puenc.def
File: puenc.def 2024-11-05 v7.01l Hyperref: PDF Unicode definition (HO)
Now handling font encoding PU ...
... no UTF-8 mapping file for font encoding PU
)
Package hyperref Info: Option `draft' set `true' on input line 4040.
Package hyperref Info: Option `unicode' set `true' on input line 4040.
Package hyperref Info: Hyper figures OFF on input line 4157.
Package hyperref Info: Link nesting OFF on input line 4162.
Package hyperref Info: Hyper index ON on input line 4165.
Package hyperref Info: Plain pages OFF on input line 4172.
Package hyperref Info: Backreferencing OFF on input line 4177.
Package hyperref Info: Implicit mode ON; LaTeX internals redefined.
Package hyperref Info: Bookmarks ON on input line 4424.
\c@Hy@tempcnt=\count313
(/home/antonio-paez/.TinyTeX/texmf-dist/tex/latex/url/url.sty
\Urlmuskip=\muskip17
Package: url 2013/09/16  ver 3.4  Verb mode for urls, etc.
)
LaTeX Info: Redefining \url on input line 4763.
\XeTeXLinkMargin=\dimen270
(/home/antonio-paez/.TinyTeX/texmf-dist/tex/generic/bitset/bitset.sty
Package: bitset 2019/12/09 v1.3 Handle bit-vector datatype (HO)
(/home/antonio-paez/.TinyTeX/texmf-dist/tex/generic/bigintcalc/bigintcalc.sty
Package: bigintcalc 2019/12/15 v1.5 Expandable calculations on big integers (HO)
))
\Fld@menulength=\count314
\Field@Width=\dimen271
\Fld@charsize=\dimen272
Package hyperref Info: Hyper figures OFF on input line 6042.
Package hyperref Info: Link nesting OFF on input line 6047.
Package hyperref Info: Hyper index ON on input line 6050.
Package hyperref Info: backreferencing OFF on input line 6057.
Package hyperref Info: Link coloring OFF on input line 6062.
Package hyperref Info: Link coloring with OCG OFF on input line 6067.
Package hyperref Info: PDF/A mode OFF on input line 6072.
(/home/antonio-paez/.TinyTeX/texmf-dist/tex/latex/base/atbegshi-ltx.sty
Package: atbegshi-ltx 2021/01/10 v1.0c Emulation of the original atbegshi
package with kernel methods
)
\Hy@abspage=\count315
\c@Item=\count316
\c@Hfootnote=\count317
)
Package hyperref Info: Driver (autodetected): hpdftex.
(/home/antonio-paez/.TinyTeX/texmf-dist/tex/latex/hyperref/hpdftex.def
File: hpdftex.def 2024-11-05 v7.01l Hyperref driver for pdfTeX
(/home/antonio-paez/.TinyTeX/texmf-dist/tex/latex/base/atveryend-ltx.sty
Package: atveryend-ltx 2020/08/19 v1.0a Emulation of the original atveryend package
with kernel methods
)
\Fld@listcount=\count318
\c@bookmark@seq@number=\count319
(/home/antonio-paez/.TinyTeX/texmf-dist/tex/latex/rerunfilecheck/rerunfilecheck.sty
Package: rerunfilecheck 2022-07-10 v1.10 Rerun checks for auxiliary files (HO)
(/home/antonio-paez/.TinyTeX/texmf-dist/tex/generic/uniquecounter/uniquecounter.sty
Package: uniquecounter 2019/12/15 v1.4 Provide unlimited unique counter (HO)
)
Package uniquecounter Info: New unique counter `rerunfilecheck' on input line 285.
)
\Hy@SectionHShift=\skip58
)
Package hyperref Info: Option `breaklinks' set `true' on input line 138.

Package hyperref Warning: Option `bookmarks' has already been used,
(hyperref)                setting the option has no effect on input line 138.

Package hyperref Info: Option `colorlinks' set `true' on input line 138.
(/home/antonio-paez/.TinyTeX/texmf-dist/tex/latex/placeins/placeins.sty
Package: placeins 2005/04/18  v 2.2
) (/home/antonio-paez/.TinyTeX/texmf-dist/tex/latex/l3backend/l3backend-pdftex.def
File: l3backend-pdftex.def 2025-04-14 L3 backend support: PDF output (pdfTeX)
\l__color_backend_stack_int=\count320
) (./Report.aux)
\openout1 = `Report.aux'.

LaTeX Font Info:    Checking defaults for OML/cmm/m/it on input line 156.
LaTeX Font Info:    ... okay on input line 156.
LaTeX Font Info:    Checking defaults for OMS/cmsy/m/n on input line 156.
LaTeX Font Info:    ... okay on input line 156.
LaTeX Font Info:    Checking defaults for OT1/cmr/m/n on input line 156.
LaTeX Font Info:    ... okay on input line 156.
LaTeX Font Info:    Checking defaults for T1/cmr/m/n on input line 156.
LaTeX Font Info:    ... okay on input line 156.
LaTeX Font Info:    Checking defaults for TS1/cmr/m/n on input line 156.
LaTeX Font Info:    ... okay on input line 156.
LaTeX Font Info:    Checking defaults for OMX/cmex/m/n on input line 156.
LaTeX Font Info:    ... okay on input line 156.
LaTeX Font Info:    Checking defaults for U/cmr/m/n on input line 156.
LaTeX Font Info:    ... okay on input line 156.
LaTeX Font Info:    Checking defaults for PD1/pdf/m/n on input line 156.
LaTeX Font Info:    ... okay on input line 156.
LaTeX Font Info:    Checking defaults for PU/pdf/m/n on input line 156.
LaTeX Font Info:    ... okay on input line 156.
*geometry* driver: auto-detecting
*geometry* detected driver: pdftex
*geometry* verbose mode - [ preamble ] result:
* driver: pdftex
* paper: <default>
* layout: <same size as paper>
* layoutoffset:(h,v)=(0.0pt,0.0pt)
* modes: 
* h-part:(L,W,R)=(72.26999pt, 469.75502pt, 72.26999pt)
* v-part:(T,H,B)=(72.26999pt, 650.43001pt, 72.26999pt)
* \paperwidth=614.295pt
* \paperheight=794.96999pt
* \textwidth=469.75502pt
* \textheight=650.43001pt
* \oddsidemargin=0.0pt
* \evensidemargin=0.0pt
* \topmargin=-37.0pt
* \headheight=12.0pt
* \headsep=25.0pt
* \topskip=10.0pt
* \footskip=30.0pt
* \marginparwidth=65.0pt
* \marginparsep=11.0pt
* \columnsep=10.0pt
* \skip\footins=9.0pt plus 4.0pt minus 2.0pt
* \hoffset=0.0pt
* \voffset=0.0pt
* \mag=1000
* \@twocolumnfalse
* \@twosidefalse
* \@mparswitchfalse
* \@reversemarginfalse
* (1in=72.27pt=25.4mm, 1cm=28.453pt)

(/home/antonio-paez/.TinyTeX/texmf-dist/tex/latex/epstopdf-pkg/epstopdf-base.sty
Package: epstopdf-base 2020-01-24 v2.11 Base part for package epstopdf
(/home/antonio-paez/.TinyTeX/texmf-dist/tex/latex/grfext/grfext.sty
Package: grfext 2019/12/03 v1.3 Manage graphics extensions (HO)
)
Package epstopdf-base Info: Redefining graphics rule for `.eps' on input line 485.
Package grfext Info: Graphics extension search list:
(grfext)             [.pdf,.png,.jpg,.mps,.jpeg,.jbig2,.jb2,.PDF,.PNG,.JPG,.JPEG,.JBIG2,.JB2,.eps]
(grfext)             \AppendGraphicsExtensions on input line 504.
(/home/antonio-paez/.TinyTeX/texmf-dist/tex/latex/latexconfig/epstopdf-sys.cfg
File: epstopdf-sys.cfg 2010/07/13 v1.3 Configuration of (r)epstopdf for TeX Live
))

Package hyperref Warning: Draft mode on.

Package hyperref Info: Link coloring ON on input line 156.
LaTeX Font Info:    Trying to load font information for T1+phv on input line 174.
(/home/antonio-paez/.TinyTeX/texmf-dist/tex/latex/psnfss/t1phv.fd
File: t1phv.fd 2020/03/25 scalable font definitions for T1/phv.
)
LaTeX Font Info:    Font shape `T1/phv/bx/n' in size <11> not available
(Font)              Font shape `T1/phv/b/n' tried instead on input line 174.
(./Report.toc
LaTeX Font Info:    Trying to load font information for OT1+lmr on input line 2.
(/home/antonio-paez/.TinyTeX/texmf-dist/tex/latex/lm/ot1lmr.fd
File: ot1lmr.fd 2015/05/01 v1.6.1 Font defs for Latin Modern
)
LaTeX Font Info:    Trying to load font information for OML+lmm on input line 2.
(/home/antonio-paez/.TinyTeX/texmf-dist/tex/latex/lm/omllmm.fd
File: omllmm.fd 2015/05/01 v1.6.1 Font defs for Latin Modern
)
LaTeX Font Info:    Trying to load font information for OMS+lmsy on input line 2.
(/home/antonio-paez/.TinyTeX/texmf-dist/tex/latex/lm/omslmsy.fd
File: omslmsy.fd 2015/05/01 v1.6.1 Font defs for Latin Modern
)
LaTeX Font Info:    Trying to load font information for OMX+lmex on input line 2.
(/home/antonio-paez/.TinyTeX/texmf-dist/tex/latex/lm/omxlmex.fd
File: omxlmex.fd 2015/05/01 v1.6.1 Font defs for Latin Modern
)
LaTeX Font Info:    External font `lmex10' loaded for size
(Font)              <10> on input line 2.
LaTeX Font Info:    External font `lmex10' loaded for size
(Font)              <7> on input line 2.
LaTeX Font Info:    External font `lmex10' loaded for size
(Font)              <5> on input line 2.
)
\tf@toc=\write4
\openout4 = `Report.toc'.



[1

{/home/antonio-paez/.TinyTeX/texmf-var/fonts/map/pdftex/updmap/pdftex.map}{/home/antonio-paez/.TinyTeX/texmf-dist/fonts/enc/dvips/lm/lm-ec.enc}{/home/antonio-paez/.TinyTeX/texmf-dist/fonts/enc/dvips/base/8r.enc}]

[2]

[3]

[4]

[5]
<Report_files/figure-latex/unnamed-chunk-4-1.pdf, id=29, 469.755pt x 325.215pt>
File: Report_files/figure-latex/unnamed-chunk-4-1.pdf Graphic file (type pdf)
<use Report_files/figure-latex/unnamed-chunk-4-1.pdf>
Package pdftex.def Info: Report_files/figure-latex/unnamed-chunk-4-1.pdf  used on input line 509.
(pdftex.def)             Requested size: 469.75386pt x 325.2142pt.

Overfull \hbox (14.99884pt too wide) in paragraph at lines 509--510
[][] 
 []

<figures/Data_Table.png, id=30, 919.435pt x 539.01375pt>
File: figures/Data_Table.png Graphic file (type png)
<use figures/Data_Table.png>
Package pdftex.def Info: figures/Data_Table.png  used on input line 529.
(pdftex.def)             Requested size: 469.76144pt x 275.39507pt.


[6 <./Report_files/figure-latex/unnamed-chunk-4-1.pdf>]

[7 <./figures/Data_Table.png>]

[8]
<Report_files/figure-latex/unnamed-chunk-5-1.pdf, id=49, 469.755pt x 325.215pt>
File: Report_files/figure-latex/unnamed-chunk-5-1.pdf Graphic file (type pdf)
<use Report_files/figure-latex/unnamed-chunk-5-1.pdf>
Package pdftex.def Info: Report_files/figure-latex/unnamed-chunk-5-1.pdf  used on input line 649.
(pdftex.def)             Requested size: 469.75386pt x 325.2142pt.
<Report_files/figure-latex/unnamed-chunk-6-1.pdf, id=50, 469.755pt x 325.215pt>
File: Report_files/figure-latex/unnamed-chunk-6-1.pdf Graphic file (type pdf)
<use Report_files/figure-latex/unnamed-chunk-6-1.pdf>
Package pdftex.def Info: Report_files/figure-latex/unnamed-chunk-6-1.pdf  used on input line 651.
(pdftex.def)             Requested size: 469.75386pt x 325.2142pt.

Overfull \hbox (14.99884pt too wide) in paragraph at lines 651--652
[][] 
 []



[9 <./Report_files/figure-latex/unnamed-chunk-5-1.pdf>]
<Report_files/figure-latex/unnamed-chunk-7-1.pdf, id=61, 469.755pt x 325.215pt>
File: Report_files/figure-latex/unnamed-chunk-7-1.pdf Graphic file (type pdf)
<use Report_files/figure-latex/unnamed-chunk-7-1.pdf>
Package pdftex.def Info: Report_files/figure-latex/unnamed-chunk-7-1.pdf  used on input line 653.
(pdftex.def)             Requested size: 469.75386pt x 325.2142pt.

Overfull \hbox (14.99884pt too wide) in paragraph at lines 653--654
[][] 
 []



[10 <./Report_files/figure-latex/unnamed-chunk-6-1.pdf>]
<Report_files/figure-latex/unnamed-chunk-8-1.pdf, id=72, 469.755pt x 325.215pt>
File: Report_files/figure-latex/unnamed-chunk-8-1.pdf Graphic file (type pdf)
<use Report_files/figure-latex/unnamed-chunk-8-1.pdf>
Package pdftex.def Info: Report_files/figure-latex/unnamed-chunk-8-1.pdf  used on input line 655.
(pdftex.def)             Requested size: 469.75386pt x 325.2142pt.

Overfull \hbox (14.99884pt too wide) in paragraph at lines 655--656
[][] 
 []



[11 <./Report_files/figure-latex/unnamed-chunk-7-1.pdf>]
<Report_files/figure-latex/unnamed-chunk-9-1.pdf, id=83, 469.755pt x 325.215pt>
File: Report_files/figure-latex/unnamed-chunk-9-1.pdf Graphic file (type pdf)
<use Report_files/figure-latex/unnamed-chunk-9-1.pdf>
Package pdftex.def Info: Report_files/figure-latex/unnamed-chunk-9-1.pdf  used on input line 657.
(pdftex.def)             Requested size: 469.75386pt x 325.2142pt.

Overfull \hbox (14.99884pt too wide) in paragraph at lines 657--658
[][] 
 []



[12 <./Report_files/figure-latex/unnamed-chunk-8-1.pdf>]
<Report_files/figure-latex/unnamed-chunk-10-1.pdf, id=94, 469.755pt x 325.215pt>
File: Report_files/figure-latex/unnamed-chunk-10-1.pdf Graphic file (type pdf)
<use Report_files/figure-latex/unnamed-chunk-10-1.pdf>
Package pdftex.def Info: Report_files/figure-latex/unnamed-chunk-10-1.pdf  used on input line 659.
(pdftex.def)             Requested size: 469.75386pt x 325.2142pt.

Overfull \hbox (14.99884pt too wide) in paragraph at lines 659--660
[][] 
 []



[13 <./Report_files/figure-latex/unnamed-chunk-9-1.pdf>]
<Report_files/figure-latex/unnamed-chunk-11-1.pdf, id=106, 469.755pt x 325.215pt>
File: Report_files/figure-latex/unnamed-chunk-11-1.pdf Graphic file (type pdf)
<use Report_files/figure-latex/unnamed-chunk-11-1.pdf>
Package pdftex.def Info: Report_files/figure-latex/unnamed-chunk-11-1.pdf  used on input line 661.
(pdftex.def)             Requested size: 469.75386pt x 325.2142pt.

Overfull \hbox (14.99884pt too wide) in paragraph at lines 661--662
[][] 
 []



[14 <./Report_files/figure-latex/unnamed-chunk-10-1.pdf>]
<Report_files/figure-latex/unnamed-chunk-12-1.pdf, id=117, 469.755pt x 325.215pt>
File: Report_files/figure-latex/unnamed-chunk-12-1.pdf Graphic file (type pdf)
<use Report_files/figure-latex/unnamed-chunk-12-1.pdf>
Package pdftex.def Info: Report_files/figure-latex/unnamed-chunk-12-1.pdf  used on input line 668.
(pdftex.def)             Requested size: 469.75386pt x 325.2142pt.


[15 <./Report_files/figure-latex/unnamed-chunk-11-1.pdf>]
<Report_files/figure-latex/unnamed-chunk-16-1.pdf, id=128, 469.755pt x 325.215pt>
File: Report_files/figure-latex/unnamed-chunk-16-1.pdf Graphic file (type pdf)
<use Report_files/figure-latex/unnamed-chunk-16-1.pdf>
Package pdftex.def Info: Report_files/figure-latex/unnamed-chunk-16-1.pdf  used on input line 672.
(pdftex.def)             Requested size: 469.75386pt x 325.2142pt.


[16 <./Report_files/figure-latex/unnamed-chunk-12-1.pdf>]
<Report_files/figure-latex/unnamed-chunk-17-1.pdf, id=140, 469.755pt x 325.215pt>
File: Report_files/figure-latex/unnamed-chunk-17-1.pdf Graphic file (type pdf)
<use Report_files/figure-latex/unnamed-chunk-17-1.pdf>
Package pdftex.def Info: Report_files/figure-latex/unnamed-chunk-17-1.pdf  used on input line 674.
(pdftex.def)             Requested size: 469.75386pt x 325.2142pt.

Overfull \hbox (14.99884pt too wide) in paragraph at lines 674--675
[][] 
 []



[17 <./Report_files/figure-latex/unnamed-chunk-16-1.pdf>]
<Report_files/figure-latex/unnamed-chunk-19-1.pdf, id=151, 469.755pt x 325.215pt>
File: Report_files/figure-latex/unnamed-chunk-19-1.pdf Graphic file (type pdf)
<use Report_files/figure-latex/unnamed-chunk-19-1.pdf>
Package pdftex.def Info: Report_files/figure-latex/unnamed-chunk-19-1.pdf  used on input line 676.
(pdftex.def)             Requested size: 469.75386pt x 325.2142pt.

Overfull \hbox (14.99884pt too wide) in paragraph at lines 676--677
[][] 
 []



[18 <./Report_files/figure-latex/unnamed-chunk-17-1.pdf>]
<Report_files/figure-latex/unnamed-chunk-20-1.pdf, id=162, 469.755pt x 325.215pt>
File: Report_files/figure-latex/unnamed-chunk-20-1.pdf Graphic file (type pdf)
<use Report_files/figure-latex/unnamed-chunk-20-1.pdf>
Package pdftex.def Info: Report_files/figure-latex/unnamed-chunk-20-1.pdf  used on input line 678.
(pdftex.def)             Requested size: 469.75386pt x 325.2142pt.

Overfull \hbox (14.99884pt too wide) in paragraph at lines 678--679
[][] 
 []



[19 <./Report_files/figure-latex/unnamed-chunk-19-1.pdf>]
<Report_files/figure-latex/unnamed-chunk-21-1.pdf, id=174, 469.755pt x 325.215pt>
File: Report_files/figure-latex/unnamed-chunk-21-1.pdf Graphic file (type pdf)
<use Report_files/figure-latex/unnamed-chunk-21-1.pdf>
Package pdftex.def Info: Report_files/figure-latex/unnamed-chunk-21-1.pdf  used on input line 680.
(pdftex.def)             Requested size: 469.75386pt x 325.2142pt.

Overfull \hbox (14.99884pt too wide) in paragraph at lines 680--681
[][] 
 []



[20 <./Report_files/figure-latex/unnamed-chunk-20-1.pdf>]
<Report_files/figure-latex/unnamed-chunk-22-1.pdf, id=186, 469.755pt x 325.215pt>
File: Report_files/figure-latex/unnamed-chunk-22-1.pdf Graphic file (type pdf)
<use Report_files/figure-latex/unnamed-chunk-22-1.pdf>
Package pdftex.def Info: Report_files/figure-latex/unnamed-chunk-22-1.pdf  used on input line 682.
(pdftex.def)             Requested size: 469.75386pt x 325.2142pt.

Overfull \hbox (14.99884pt too wide) in paragraph at lines 682--683
[][] 
 []



[21 <./Report_files/figure-latex/unnamed-chunk-21-1.pdf>]
<Report_files/figure-latex/unnamed-chunk-23-1.pdf, id=197, 469.755pt x 325.215pt>
File: Report_files/figure-latex/unnamed-chunk-23-1.pdf Graphic file (type pdf)
<use Report_files/figure-latex/unnamed-chunk-23-1.pdf>
Package pdftex.def Info: Report_files/figure-latex/unnamed-chunk-23-1.pdf  used on input line 684.
(pdftex.def)             Requested size: 469.75386pt x 325.2142pt.

Overfull \hbox (14.99884pt too wide) in paragraph at lines 684--685
[][] 
 []



[22 <./Report_files/figure-latex/unnamed-chunk-22-1.pdf>]
<Report_files/figure-latex/unnamed-chunk-25-1.pdf, id=208, 469.755pt x 325.215pt>
File: Report_files/figure-latex/unnamed-chunk-25-1.pdf Graphic file (type pdf)
<use Report_files/figure-latex/unnamed-chunk-25-1.pdf>
Package pdftex.def Info: Report_files/figure-latex/unnamed-chunk-25-1.pdf  used on input line 713.
(pdftex.def)             Requested size: 469.75386pt x 325.2142pt.


[23 <./Report_files/figure-latex/unnamed-chunk-23-1.pdf>]
<Report_files/figure-latex/unnamed-chunk-27-1.pdf, id=219, 469.755pt x 325.215pt>
File: Report_files/figure-latex/unnamed-chunk-27-1.pdf Graphic file (type pdf)
<use Report_files/figure-latex/unnamed-chunk-27-1.pdf>
Package pdftex.def Info: Report_files/figure-latex/unnamed-chunk-27-1.pdf  used on input line 715.
(pdftex.def)             Requested size: 469.75386pt x 325.2142pt.

Overfull \hbox (14.99884pt too wide) in paragraph at lines 715--716
[][] 
 []



[24 <./Report_files/figure-latex/unnamed-chunk-25-1.pdf>]
<Report_files/figure-latex/unnamed-chunk-29-1.pdf, id=230, 469.755pt x 325.215pt>
File: Report_files/figure-latex/unnamed-chunk-29-1.pdf Graphic file (type pdf)
<use Report_files/figure-latex/unnamed-chunk-29-1.pdf>
Package pdftex.def Info: Report_files/figure-latex/unnamed-chunk-29-1.pdf  used on input line 719.
(pdftex.def)             Requested size: 469.75386pt x 325.2142pt.


[25 <./Report_files/figure-latex/unnamed-chunk-27-1.pdf>]
<Report_files/figure-latex/unnamed-chunk-30-1.pdf, id=242, 469.755pt x 325.215pt>
File: Report_files/figure-latex/unnamed-chunk-30-1.pdf Graphic file (type pdf)
<use Report_files/figure-latex/unnamed-chunk-30-1.pdf>
Package pdftex.def Info: Report_files/figure-latex/unnamed-chunk-30-1.pdf  used on input line 721.
(pdftex.def)             Requested size: 469.75386pt x 325.2142pt.

Overfull \hbox (14.99884pt too wide) in paragraph at lines 721--722
[][] 
 []



[26 <./Report_files/figure-latex/unnamed-chunk-29-1.pdf>]
<Report_files/figure-latex/unnamed-chunk-31-1.pdf, id=253, 469.755pt x 325.215pt>
File: Report_files/figure-latex/unnamed-chunk-31-1.pdf Graphic file (type pdf)
<use Report_files/figure-latex/unnamed-chunk-31-1.pdf>
Package pdftex.def Info: Report_files/figure-latex/unnamed-chunk-31-1.pdf  used on input line 723.
(pdftex.def)             Requested size: 469.75386pt x 325.2142pt.

Overfull \hbox (14.99884pt too wide) in paragraph at lines 723--724
[][] 
 []



[27 <./Report_files/figure-latex/unnamed-chunk-30-1.pdf>]
<Report_files/figure-latex/unnamed-chunk-32-1.pdf, id=264, 469.755pt x 325.215pt>
File: Report_files/figure-latex/unnamed-chunk-32-1.pdf Graphic file (type pdf)
<use Report_files/figure-latex/unnamed-chunk-32-1.pdf>
Package pdftex.def Info: Report_files/figure-latex/unnamed-chunk-32-1.pdf  used on input line 725.
(pdftex.def)             Requested size: 469.75386pt x 325.2142pt.

Overfull \hbox (14.99884pt too wide) in paragraph at lines 725--726
[][] 
 []



[28 <./Report_files/figure-latex/unnamed-chunk-31-1.pdf>]
<Report_files/figure-latex/unnamed-chunk-33-1.pdf, id=275, 469.755pt x 325.215pt>
File: Report_files/figure-latex/unnamed-chunk-33-1.pdf Graphic file (type pdf)
<use Report_files/figure-latex/unnamed-chunk-33-1.pdf>
Package pdftex.def Info: Report_files/figure-latex/unnamed-chunk-33-1.pdf  used on input line 727.
(pdftex.def)             Requested size: 469.75386pt x 325.2142pt.

Overfull \hbox (14.99884pt too wide) in paragraph at lines 727--728
[][] 
 []



[29 <./Report_files/figure-latex/unnamed-chunk-32-1.pdf>]
<Report_files/figure-latex/unnamed-chunk-34-1.pdf, id=286, 469.755pt x 325.215pt>
File: Report_files/figure-latex/unnamed-chunk-34-1.pdf Graphic file (type pdf)
<use Report_files/figure-latex/unnamed-chunk-34-1.pdf>
Package pdftex.def Info: Report_files/figure-latex/unnamed-chunk-34-1.pdf  used on input line 729.
(pdftex.def)             Requested size: 469.75386pt x 325.2142pt.

Overfull \hbox (14.99884pt too wide) in paragraph at lines 729--730
[][] 
 []



[30 <./Report_files/figure-latex/unnamed-chunk-33-1.pdf>]

[31 <./Report_files/figure-latex/unnamed-chunk-34-1.pdf>]
<figures/screenshot.png, id=308, 457.71pt x 571.27715pt>
File: figures/screenshot.png Graphic file (type png)
<use figures/screenshot.png>
Package pdftex.def Info: figures/screenshot.png  used on input line 787.
(pdftex.def)             Requested size: 457.72285pt x 571.29318pt.
LaTeX Font Info:    Trying to load font information for T1+lmtt on input line 833.
(/home/antonio-paez/.TinyTeX/texmf-dist/tex/latex/lm/t1lmtt.fd
File: t1lmtt.fd 2015/05/01 v1.6.1 Font defs for Latin Modern
)
<figures/sem_r_map.png, id=309, 505.89pt x 433.62pt>
File: figures/sem_r_map.png Graphic file (type png)
<use figures/sem_r_map.png>
Package pdftex.def Info: figures/sem_r_map.png  used on input line 846.
(pdftex.def)             Requested size: 469.76265pt x 402.65372pt.


[32{/home/antonio-paez/.TinyTeX/texmf-dist/fonts/enc/dvips/lm/lm-mathsy.enc}{/home/antonio-paez/.TinyTeX/texmf-dist/fonts/enc/dvips/lm/lm-mathit.enc}]

[33 <./figures/screenshot.png>]

[34 <./figures/sem_r_map.png>]

[35]

[36]
Overfull \hbox (272.68849pt too wide) in paragraph at lines 959--1048
\T1/lmr/m/n/10 gov / topics / food -[] nutrition -[] assistance / food -[] security -[] in -[] the -[] us / key -[] statistics -[] graphics#$:~:text=13.5%20percent%20(18.0%20million)%20of,(17.0%20million)%20in%202022. 
 []



[37]

[38] (./Report.aux)
 ***********
LaTeX2e <2024-11-01> patch level 2
L3 programming layer <2025-04-14>
 ***********
 ) 
Here is how much of TeX's memory you used:
 22352 strings out of 471589
 443052 string characters out of 5520317
 801762 words of memory out of 5000000
 48563 multiletter control sequences out of 15000+600000
 681925 words of font info for 65 fonts, out of 8000000 for 9000
 14 hyphenation exceptions out of 8191
 116i,6n,121p,456b,445s stack positions out of 10000i,1000n,20000p,200000b,200000s
</home/antonio-paez/.TinyTeX/texmf-dist/fonts/type1/public/lm/lmbx10.pfb></home/antonio-paez/.TinyTeX/texmf-dist/fonts/type1/public/lm/lmbx12.pfb></home/antonio-paez/.TinyTeX/texmf-dist/fonts/type1/public/lm/lmmi10.pfb></home/antonio-paez/.TinyTeX/texmf-dist/fonts/type1/public/lm/lmr10.pfb></home/antonio-paez/.TinyTeX/texmf-dist/fonts/type1/public/lm/lmr17.pfb></home/antonio-paez/.TinyTeX/texmf-dist/fonts/type1/public/lm/lmr9.pfb></home/antonio-paez/.TinyTeX/texmf-dist/fonts/type1/public/lm/lmri10.pfb></home/antonio-paez/.TinyTeX/texmf-dist/fonts/type1/public/lm/lmri12.pfb></home/antonio-paez/.TinyTeX/texmf-dist/fonts/type1/public/lm/lmri9.pfb></home/antonio-paez/.TinyTeX/texmf-dist/fonts/type1/public/lm/lmsy10.pfb></home/antonio-paez/.TinyTeX/texmf-dist/fonts/type1/public/lm/lmtt10.pfb></home/antonio-paez/.TinyTeX/texmf-dist/fonts/type1/urw/helvetic/uhvb8a.pfb>
Output written on Report.pdf (38 pages, 38972577 bytes).
PDF statistics:
 395 PDF objects out of 1000 (max. 8388607)
 251 compressed objects within 3 object streams
 0 named destinations out of 1000 (max. 500000)
 148 words of extra memory for PDF output out of 10000 (max. 10000000)

